---
source: tui/src/bottom_pane/chat_composer.rs
expression: terminal.backend()
---
"                                            "
"› Ask Uxarion to assess a target                  "
"                                            "
"                                            "
"                                            "
"                                            "
"                                            "
"                                            "
"  ? for shortcuts        100% context left  "
