---
source: tui/src/chatwidget/tests.rs
expression: term.backend().vt100().screen().contents()
---









• Working (0s • esc to interrupt)

• Queued follow-up messages
  ↳ Queued while /review is running.
    ⌥ + ↑ edit last queued message

› Ask Uxarion to assess a target

  ? for shortcuts                                            100% context left
